
> bd-calling-academy@0.1.0 build
> next build

node.exe : [baseline-
browser-mapping] The 
data in this module 
is over two months 
old.  To ensure 
accurate Baseline 
data, please update: 
`npm i baseline-brows
er-mapping@latest -D`
At line:1 char:1
+ & "C:\Program Files
\nodejs/node.exe" "C:
\Users\User\AppData\R
oaming\n ...
+ ~~~~~~~~~~~~~~~~~~~
~~~~~~~~~~~~~~~~~~~~~
~~~~~~~~~~~~~~~~~~~~~
~~~~~~~~
    + CategoryInfo   
           : NotSpe  
  cified: ([baseli   
 ne-brows...ping@    
latest -D`:Strin    
g) [], RemoteExc    
eption
    + FullyQualified 
   ErrorId : Native  
  CommandError
 
   Ôû▓ Next.js 16.0.1 (Turbopack)

   Creating an optimized production build ...
[baseline-browser-map
ping] The data in 
this module is over 
two months old.  To 
ensure accurate 
Baseline data, 
please update: `npm 
i baseline-browser-ma
pping@latest -D`
 Ô£ô Compiled successfully in 4.0s
   Running TypeScript ...
   Collecting page data ...
[baseline-browser-map
ping] The data in 
this module is over 
two months old.  To 
ensure accurate 
Baseline data, 
please update: `npm 
i baseline-browser-ma
pping@latest -D`
[baseline-browser-map
ping] The data in 
this module is over 
two months old.  To 
ensure accurate 
Baseline data, 
please update: `npm 
i baseline-browser-ma
pping@latest -D`
[baseline-browser-map
ping] The data in 
this module is over 
two months old.  To 
ensure accurate 
Baseline data, 
please update: `npm 
i baseline-browser-ma
pping@latest -D`
[baseline-browser-map
ping] The data in 
this module is over 
two months old.  To 
ensure accurate 
Baseline data, 
please update: `npm 
i baseline-browser-ma
pping@latest -D`
[baseline-browser-map
ping] The data in 
this module is over 
two months old.  To 
ensure accurate 
Baseline data, 
please update: `npm 
i baseline-browser-ma
pping@latest -D`
[baseline-browser-map
ping] The data in 
this module is over 
two months old.  To 
ensure accurate 
Baseline data, 
please update: `npm 
i baseline-browser-ma
pping@latest -D`
[baseline-browser-map
ping] The data in 
this module is over 
two months old.  To 
ensure accurate 
Baseline data, 
please update: `npm 
i baseline-browser-ma
pping@latest -D`
[baseline-browser-map
ping] The data in 
this module is over 
two months old.  To 
ensure accurate 
Baseline data, 
please update: `npm 
i baseline-browser-ma
pping@latest -D`
[baseline-browser-map
ping] The data in 
this module is over 
two months old.  To 
ensure accurate 
Baseline data, 
please update: `npm 
i baseline-browser-ma
pping@latest -D`
[baseline-browser-map
ping] The data in 
this module is over 
two months old.  To 
ensure accurate 
Baseline data, 
please update: `npm 
i baseline-browser-ma
pping@latest -D`
[baseline-browser-map
ping] The data in 
this module is over 
two months old.  To 
ensure accurate 
Baseline data, 
please update: `npm 
i baseline-browser-ma
pping@latest -D`
[baseline-browser-map
ping] The data in 
this module is over 
two months old.  To 
ensure accurate 
Baseline data, 
please update: `npm 
i baseline-browser-ma
pping@latest -D`
[baseline-browser-map
ping] The data in 
this module is over 
two months old.  To 
ensure accurate 
Baseline data, 
please update: `npm 
i baseline-browser-ma
pping@latest -D`
[baseline-browser-map
ping] The data in 
this module is over 
two months old.  To 
ensure accurate 
Baseline data, 
please update: `npm 
i baseline-browser-ma
pping@latest -D`
[baseline-browser-map
ping] The data in 
this module is over 
two months old.  To 
ensure accurate 
Baseline data, 
please update: `npm 
i baseline-browser-ma
pping@latest -D`
   Generating static pages (0/42) ...
[baseline-browser-map
ping] The data in 
this module is over 
two months old.  To 
ensure accurate 
Baseline data, 
please update: `npm 
i baseline-browser-ma
pping@latest -D`
[baseline-browser-map
ping] The data in 
this module is over 
two months old.  To 
ensure accurate 
Baseline data, 
please update: `npm 
i baseline-browser-ma
pping@latest -D`
   Generating static pages (10/42) 
 Ô¿» 
useSearchParams() 
should be wrapped in 
a suspense boundary 
at page "/courses". 
Read more: https://ne
xtjs.org/docs/message
s/missing-suspense-wi
th-csr-bailout
    at S 
(F:\SAKIB\Web Develop
ment\Importent\Bac-ne
xt-frontend\.next\ser
ver\chunks\ssr\node_m
odules_next_9c24ba8d.
_.js:2:2111)
    at p 
(F:\SAKIB\Web Develop
ment\Importent\Bac-ne
xt-frontend\.next\ser
ver\chunks\ssr\node_m
odules_next_9c24ba8d.
_.js:4:4847)
    at k 
(F:\SAKIB\Web Develop
ment\Importent\Bac-ne
xt-frontend\.next\ser
ver\chunks\ssr\_9b69e
75a._.js:1:2989)
    at ir 
(F:\SAKIB\Web Develop
ment\Importent\Bac-ne
xt-frontend\node_modu
les\next\dist\compile
d\next-server\app-pag
e-turbo.runtime.prod.
js:2:84433)
    at ia 
(F:\SAKIB\Web Develop
ment\Importent\Bac-ne
xt-frontend\node_modu
les\next\dist\compile
d\next-server\app-pag
e-turbo.runtime.prod.
js:2:86252)
    at il 
(F:\SAKIB\Web Develop
ment\Importent\Bac-ne
xt-frontend\node_modu
les\next\dist\compile
d\next-server\app-pag
e-turbo.runtime.prod.
js:2:107981)
    at is 
(F:\SAKIB\Web Develop
ment\Importent\Bac-ne
xt-frontend\node_modu
les\next\dist\compile
d\next-server\app-pag
e-turbo.runtime.prod.
js:2:105399)
    at ig 
(F:\SAKIB\Web Develop
ment\Importent\Bac-ne
xt-frontend\node_modu
les\next\dist\compile
d\next-server\app-pag
e-turbo.runtime.prod.
js:2:112864)
    at ia 
(F:\SAKIB\Web Develop
ment\Importent\Bac-ne
xt-frontend\node_modu
les\next\dist\compile
d\next-server\app-pag
e-turbo.runtime.prod.
js:2:98881)
    at il 
(F:\SAKIB\Web Develop
ment\Importent\Bac-ne
xt-frontend\node_modu
les\next\dist\compile
d\next-server\app-pag
e-turbo.runtime.prod.
js:2:107981)
Error occurred 
prerendering page 
"/courses". Read 
more: https://nextjs.
org/docs/messages/pre
render-error
Export encountered 
an error on /(mainLay
out)/courses/page: 
/courses, exiting 
the build.
 Ô¿» Next.js build 
worker exited with 
code: 1 and signal: 
null
